// Jest Snapshot v1, https://goo.gl/fbAQLP

exports[`Storyshots Container with single viewport 1`] = `null`;
